2026-06-16 00:00:06, EXEC, v:1, k:ed@compare, mode:FULL, rate:25, size:94
2026-06-16 00:00:50, EXEC, v:1, k:ed@compare, mode:FULL, rate:0, size:94
2026-06-16 00:02:04, EXEC, v:1, k:ed@compare, mode:FULL, rate:25, size:95
2026-06-16 00:03:39, EXEC, v:1, k:ed@compare, mode:FULL, rate:100, size:107
2026-06-16 00:03:44, SELF, v:1, k:ed@compare, self:1, rate:100, study:20
2026-06-16 00:03:46, EXEC, v:1, k:ed@compare, mode:FULL, rate:100
2026-06-16 00:03:47, MOVE, v:1, k:ed@compare, mode:BACK
2026-06-16 00:03:32, MOVE, v:1, k:ed@compare, mode:EDIT
2026-06-16 00:03:46, MOVE, v:1, k:ed@compare, mode:EDIT
2026-06-16 00:11:45, MOVE, v:1, k:ed@arvore-path, mode:DOWN
2026-06-16 00:11:46, MOVE, v:1, k:ed@arvore-path, mode:PICK
2026-06-16 00:11:59, EXEC, v:1, k:ed@arvore-path, mode:FULL, size:80, fail:COMP
2026-06-16 00:12:14, EXEC, v:1, k:ed@arvore-path, mode:FULL, rate:0, size:80
2026-06-16 00:12:59, EXEC, v:1, k:ed@arvore-path, mode:FULL, rate:12, size:80
2026-06-16 00:11:45, MOVE, v:1, k:ed@arvore-path, mode:EDIT
2026-06-16 00:11:45, MOVE, v:1, k:ed@arvore-path, mode:EDIT
2026-06-16 00:11:45, MOVE, v:1, k:ed@arvore-path, mode:EDIT
2026-06-16 00:13:54, MOVE, v:1, k:ed@arvore-path, mode:EDIT
2026-06-16 00:12:59, MOVE, v:1, k:ed@arvore-path, mode:EDIT
2026-06-16 00:19:03, MOVE, v:1, k:ed@arvore-path, mode:EDIT
2026-06-16 00:19:49, EXEC, v:1, k:ed@arvore-path, mode:FULL, rate:0, size:97
2026-06-16 00:20:55, EXEC, v:1, k:ed@arvore-path, mode:FULL, rate:0, size:97
2026-06-16 00:23:52, EXEC, v:1, k:ed@arvore-path, mode:FULL, rate:12, size:91
2026-06-16 00:24:02, MOVE, v:1, k:ed@arvore-path, mode:EDIT
2026-06-16 00:23:52, MOVE, v:1, k:ed@arvore-path, mode:EDIT
2026-06-16 00:24:17, EXEC, v:1, k:ed@arvore-path, mode:FULL, rate:37, size:95
2026-06-16 00:25:04, EXEC, v:1, k:ed@arvore-path, mode:FULL, rate:37, size:95
2026-06-16 00:25:33, EXEC, v:1, k:ed@arvore-path, mode:FULL, rate:100, size:95
2026-06-16 00:25:39, SELF, v:1, k:ed@arvore-path, self:1, rate:100, study:30
2026-06-16 00:25:32, MOVE, v:1, k:ed@arvore-path, mode:EDIT
2026-06-16 00:25:33, MOVE, v:1, k:ed@arvore-path, mode:EDIT
2026-06-16 00:39:26, SELF, v:1, k:ed@arvore-path, self:1, rate:100, study:30
2026-06-16 00:39:28, MOVE, v:1, k:ed@arvore-path, mode:BACK
