2026-05-22 13:32:40, MOVE, v:1, k:ed@prin_list2, mode:DOWN
2026-05-22 13:32:41, MOVE, v:1, k:ed@prin_list2, mode:PICK
2026-05-22 13:32:52, EXEC, v:1, k:ed@prin_list2, mode:FULL, rate:0, size:46
2026-05-22 13:32:57, MOVE, v:1, k:ed@prin_list2, mode:EDIT
2026-05-22 13:32:40, MOVE, v:1, k:ed@prin_list2, mode:EDIT
2026-05-22 13:34:20, MOVE, v:1, k:ed@prin_list2, mode:EDIT
2026-05-22 13:32:52, MOVE, v:1, k:ed@prin_list2, mode:EDIT
2026-05-22 13:35:47, MOVE, v:1, k:ed@prin_list2, mode:EDIT
2026-05-22 13:39:31, EXEC, v:1, k:ed@prin_list2, mode:FULL, rate:100, size:69
2026-05-22 13:39:51, SELF, v:1, k:ed@prin_list2, self:1, rate:100, guided:1
2026-05-22 13:39:59, SELF, v:1, k:ed@prin_list2, self:1, rate:100, study:10, guided:1
2026-05-22 13:40:00, MOVE, v:1, k:ed@prin_list2, mode:BACK
2026-05-22 13:40:07, MOVE, v:1, k:ed@lista_d3, mode:DOWN
2026-05-22 13:40:07, MOVE, v:1, k:ed@lista_d3, mode:PICK
2026-05-22 13:40:45, EXEC, v:1, k:ed@lista_d3, mode:FULL, size:110, fail:COMP
2026-05-22 13:39:26, MOVE, v:1, k:ed@prin_list2, mode:EDIT
2026-05-22 13:39:30, MOVE, v:1, k:ed@prin_list2, mode:EDIT
2026-05-22 13:40:07, MOVE, v:1, k:ed@lista_d3, mode:EDIT
2026-05-22 13:40:07, MOVE, v:1, k:ed@lista_d3, mode:EDIT
2026-05-22 13:40:45, MOVE, v:1, k:ed@lista_d3, mode:EDIT
2026-05-22 13:45:32, MOVE, v:1, k:ed@lista_d3, mode:EDIT
2026-05-22 13:46:17, EXEC, v:1, k:ed@lista_d3, mode:FULL, rate:25, size:129
2026-05-22 13:48:32, EXEC, v:1, k:ed@lista_d3, mode:FULL, rate:25, size:134
2026-05-22 13:48:51, EXEC, v:1, k:ed@lista_d3, mode:FULL, rate:25, size:134
2026-05-22 13:49:08, EXEC, v:1, k:ed@lista_d3, mode:FULL, size:133, fail:COMP
2026-05-22 13:49:19, MOVE, v:1, k:ed@lista_d3, mode:PICK
2026-05-22 13:49:20, EXEC, v:1, k:ed@lista_d3, mode:FULL, rate:25, size:133
2026-05-22 13:50:09, EXEC, v:1, k:ed@lista_d3, mode:FULL, rate:25
2026-05-22 13:53:20, EXEC, v:1, k:ed@lista_d3, mode:FULL, rate:50, size:149
2026-05-22 13:53:20, MOVE, v:1, k:ed@lista_d3, mode:EDIT
2026-05-22 13:54:14, MOVE, v:1, k:ed@lista_d3, mode:EDIT
2026-05-22 13:50:29, MOVE, v:1, k:ed@lista_d3, mode:EDIT
2026-05-22 13:59:01, EXEC, v:1, k:ed@lista_d3, mode:FULL, rate:75, size:166
2026-05-22 13:58:50, MOVE, v:1, k:ed@lista_d3, mode:EDIT
2026-05-22 13:59:00, MOVE, v:1, k:ed@lista_d3, mode:EDIT
2026-05-22 14:04:10, MOVE, v:1, k:ed@lista_d3, mode:EDIT
2026-05-22 14:05:27, EXEC, v:1, k:ed@lista_d3, mode:FULL, rate:100, size:195
2026-05-22 14:05:37, SELF, v:1, k:ed@lista_d3, self:1, rate:100, study:40, guided:1
2026-05-22 14:05:38, MOVE, v:1, k:ed@lista_d3, mode:BACK
2026-05-22 14:05:26, MOVE, v:1, k:ed@lista_d3, mode:EDIT
2026-05-22 14:05:27, MOVE, v:1, k:ed@lista_d3, mode:EDIT
