2026-05-26 13:12:54, MOVE, v:1, k:ed@quadrado, mode:DOWN
2026-05-26 13:12:55, MOVE, v:1, k:ed@quadrado, mode:PICK
2026-05-26 13:16:26, EXEC, v:1, k:ed@quadrado, mode:FULL, rate:0, size:16
2026-05-26 13:16:46, EXEC, v:1, k:ed@quadrado, mode:FULL, rate:0, size:16
2026-05-26 13:17:00, EXEC, v:1, k:ed@quadrado, mode:FULL, rate:5, size:16
2026-05-26 13:12:54, MOVE, v:1, k:ed@quadrado, mode:EDIT
2026-05-26 13:12:54, MOVE, v:1, k:ed@quadrado, mode:EDIT
2026-05-26 13:17:07, MOVE, v:1, k:ed@quadrado, mode:EDIT
2026-05-26 13:17:00, MOVE, v:1, k:ed@quadrado, mode:EDIT
2026-05-26 13:22:03, MOVE, v:1, k:ed@quadrado, mode:EDIT
2026-05-26 13:23:51, EXEC, v:1, k:ed@quadrado, mode:FULL, rate:5, size:28
2026-05-26 13:24:01, EXEC, v:1, k:ed@quadrado, mode:FULL, rate:5, size:28
2026-05-26 13:25:10, EXEC, v:1, k:ed@quadrado, mode:FULL, rate:5, size:33
2026-05-26 13:26:48, MOVE, v:1, k:ed@quadrado, mode:EDIT
2026-05-26 13:25:10, MOVE, v:1, k:ed@quadrado, mode:EDIT
2026-05-26 13:30:09, EXEC, v:1, k:ed@quadrado, mode:FULL, rate:5, size:38
2026-05-26 13:32:08, MOVE, v:1, k:ed@quadrado, mode:EDIT
2026-05-26 13:30:09, MOVE, v:1, k:ed@quadrado, mode:EDIT
2026-05-26 13:32:30, EXEC, v:1, k:ed@quadrado, mode:FULL, rate:5, size:38
2026-05-26 13:32:42, EXEC, v:1, k:ed@quadrado, mode:FULL, rate:5, size:38
2026-05-26 13:32:49, EXEC, v:1, k:ed@quadrado, mode:FULL, rate:5, size:38
2026-05-26 13:36:55, EXEC, v:1, k:ed@quadrado, mode:FULL, rate:5, size:44
2026-05-26 13:36:55, MOVE, v:1, k:ed@quadrado, mode:EDIT
2026-05-26 13:37:14, MOVE, v:1, k:ed@quadrado, mode:EDIT
2026-05-26 13:37:15, EXEC, v:1, k:ed@quadrado, mode:FULL, rate:5, size:45
2026-05-26 13:37:50, EXEC, v:1, k:ed@quadrado, mode:FULL, rate:5, size:45
2026-05-26 13:38:05, MOVE, v:1, k:ed@quadrado, mode:PICK
2026-05-26 13:38:08, EXEC, v:1, k:ed@quadrado, mode:FULL, rate:5, size:45
2026-05-26 13:39:00, EXEC, v:1, k:ed@quadrado, mode:FULL, rate:10, size:46
2026-05-26 13:42:12, EXEC, v:1, k:ed@quadrado, mode:FULL, rate:5, size:50
2026-05-26 13:42:26, EXEC, v:1, k:ed@quadrado, mode:FULL, rate:10, size:50
2026-05-26 13:42:38, EXEC, v:1, k:ed@quadrado, mode:FULL, rate:10, size:50
2026-05-26 13:42:48, EXEC, v:1, k:ed@quadrado, mode:FULL, rate:10, size:50
2026-05-26 13:42:48, MOVE, v:1, k:ed@quadrado, mode:EDIT
2026-05-26 13:42:47, MOVE, v:1, k:ed@quadrado, mode:EDIT
2026-05-26 13:43:21, EXEC, v:1, k:ed@quadrado, mode:FULL, rate:5, size:50
2026-05-26 13:44:07, EXEC, v:1, k:ed@quadrado, mode:FULL, rate:5, size:50
2026-05-26 13:45:00, EXEC, v:1, k:ed@quadrado, mode:FULL, rate:5, size:50
2026-05-26 13:45:07, EXEC, v:1, k:ed@quadrado, mode:FULL, rate:10, size:50
2026-05-26 13:45:57, EXEC, v:1, k:ed@quadrado, mode:FULL, rate:100, size:50
2026-05-26 13:46:02, EXEC, v:1, k:ed@quadrado, mode:FULL, rate:100
2026-05-26 13:46:14, SELF, v:1, k:ed@quadrado, self:1, rate:100, study:20
2026-05-26 13:45:55, MOVE, v:1, k:ed@quadrado, mode:EDIT
2026-05-26 13:46:02, MOVE, v:1, k:ed@quadrado, mode:EDIT
2026-05-26 13:50:30, EXEC, v:1, k:ed@quadrado, mode:FULL, rate:100, size:47
2026-05-26 13:50:39, EXEC, v:1, k:ed@quadrado, mode:FULL, rate:100, size:45
2026-05-26 13:52:54, MOVE, v:1, k:ed@quadrado, mode:EDIT
2026-05-26 13:50:38, MOVE, v:1, k:ed@quadrado, mode:EDIT
2026-05-26 13:54:00, EXEC, v:1, k:ed@quadrado, mode:FULL, rate:0, size:58
2026-05-26 13:54:53, EXEC, v:1, k:ed@quadrado, mode:FULL, rate:5, size:59
2026-05-26 13:55:50, EXEC, v:1, k:ed@quadrado, mode:FULL, rate:5
2026-05-26 13:57:20, EXEC, v:1, k:ed@quadrado, mode:FULL, rate:5, size:60
2026-05-26 13:57:35, EXEC, v:1, k:ed@quadrado, mode:FULL, rate:100, size:60
2026-05-26 13:57:46, EXEC, v:1, k:ed@quadrado, mode:FULL, rate:100, size:62
2026-05-26 13:57:57, MOVE, v:1, k:ed@quadrado, mode:BACK
2026-05-26 13:57:43, MOVE, v:1, k:ed@quadrado, mode:EDIT
2026-05-26 13:57:45, MOVE, v:1, k:ed@quadrado, mode:EDIT
2026-05-26 13:58:04, MOVE, v:1, k:ed@fib1, mode:DOWN
2026-05-26 13:58:05, MOVE, v:1, k:ed@fib1, mode:PICK
2026-05-26 13:58:50, MOVE, v:1, k:ed@fib1, mode:PICK
2026-05-26 14:03:48, MOVE, v:1, k:ed@fib1, mode:EDIT
2026-05-26 14:00:24, MOVE, v:1, k:ed@fib1, mode:EDIT
2026-05-26 14:05:26, EXEC, v:1, k:ed@fib1, mode:FULL, rate:0, size:13
2026-05-26 14:06:34, EXEC, v:1, k:ed@fib1, mode:FULL, rate:28, size:17
2026-05-26 14:07:22, EXEC, v:1, k:ed@fib1, mode:FULL, rate:100, size:17
2026-05-26 14:08:48, SELF, v:1, k:ed@fib1, self:1, rate:100, study:15
2026-05-26 14:07:18, MOVE, v:1, k:ed@fib1, mode:EDIT
2026-05-26 14:07:20, MOVE, v:1, k:ed@fib1, mode:EDIT
2026-05-26 14:05:40, MOVE, v:1, k:ed@fib1, mode:EDIT
2026-05-26 14:08:51, MOVE, v:1, k:ed@fib1, mode:BACK
2026-05-26 14:09:14, MOVE, v:1, k:ed@fib2, mode:DOWN
2026-05-26 14:09:15, MOVE, v:1, k:ed@fib2, mode:PICK
2026-05-26 14:09:14, MOVE, v:1, k:ed@fib2, mode:EDIT
2026-05-26 14:09:14, MOVE, v:1, k:ed@fib2, mode:EDIT
2026-05-26 14:12:25, MOVE, v:1, k:ed@fib2, mode:EDIT
2026-05-26 14:16:13, EXEC, v:1, k:ed@fib2, mode:FULL, rate:5, size:17
2026-05-26 14:16:51, EXEC, v:1, k:ed@fib2, mode:FULL, rate:10, size:21
2026-05-26 14:17:21, EXEC, v:1, k:ed@fib2, mode:FULL, rate:95, size:21
2026-05-26 14:17:12, MOVE, v:1, k:ed@fib2, mode:EDIT
2026-05-26 14:17:15, MOVE, v:1, k:ed@fib2, mode:EDIT
2026-05-26 14:19:11, EXEC, v:1, k:ed@fib2, mode:FULL, rate:100, size:29
2026-05-26 14:20:13, EXEC, v:1, k:ed@fib2, mode:FULL, rate:95, size:21
2026-05-26 14:20:19, EXEC, v:1, k:ed@fib2, mode:FULL, size:29, fail:COMP
2026-05-26 14:20:26, EXEC, v:1, k:ed@fib2, mode:FULL, rate:100, size:29
2026-05-26 14:20:43, SELF, v:1, k:ed@fib2, self:1, rate:100
2026-05-26 14:20:54, MOVE, v:1, k:ed@fib2, mode:BACK
2026-05-26 14:20:25, MOVE, v:1, k:ed@fib2, mode:EDIT
2026-05-26 14:20:26, MOVE, v:1, k:ed@fib2, mode:EDIT
