2026-06-15 22:14:52, MOVE, v:1, k:ed@wordsearch, mode:DOWN
2026-06-15 22:14:54, MOVE, v:1, k:ed@wordsearch, mode:PICK
2026-06-15 22:15:08, MOVE, v:1, k:ed@wordsearch, mode:BACK
2026-06-15 22:15:28, MOVE, v:1, k:ed@inverter, mode:DOWN
2026-06-15 22:15:29, MOVE, v:1, k:ed@inverter, mode:PICK
2026-06-15 22:17:19, EXEC, v:1, k:ed@inverter, mode:FULL, rate:33, size:71
2026-06-15 22:14:52, MOVE, v:1, k:ed@wordsearch, mode:EDIT
2026-06-15 22:14:52, MOVE, v:1, k:ed@wordsearch, mode:EDIT
2026-06-15 22:14:52, MOVE, v:1, k:ed@wordsearch, mode:EDIT
2026-06-15 22:14:52, MOVE, v:1, k:ed@wordsearch, mode:EDIT
2026-06-15 22:14:52, MOVE, v:1, k:ed@wordsearch, mode:EDIT
2026-06-15 22:15:28, MOVE, v:1, k:ed@inverter, mode:EDIT
2026-06-15 22:15:28, MOVE, v:1, k:ed@inverter, mode:EDIT
2026-06-15 22:17:14, MOVE, v:1, k:ed@inverter, mode:EDIT
2026-06-15 22:17:18, MOVE, v:1, k:ed@inverter, mode:EDIT
2026-06-15 22:19:55, EXEC, v:1, k:ed@inverter, mode:FULL, rate:0, size:74
2026-06-15 22:20:14, EXEC, v:1, k:ed@inverter, mode:FULL, rate:100, size:78
2026-06-15 22:20:25, SELF, v:1, k:ed@inverter, self:1, rate:100, study:15
2026-06-15 22:20:27, MOVE, v:1, k:ed@inverter, mode:BACK
2026-06-15 22:20:39, MOVE, v:1, k:ed@serial, mode:DOWN
2026-06-15 22:20:41, MOVE, v:1, k:ed@serial, mode:PICK
2026-06-15 22:21:09, EXEC, v:1, k:ed@serial, mode:FULL, rate:0, size:65
2026-06-15 22:23:27, EXEC, v:1, k:ed@serial, mode:FULL, rate:100, size:74
2026-06-15 22:20:13, MOVE, v:1, k:ed@inverter, mode:EDIT
2026-06-15 22:20:14, MOVE, v:1, k:ed@inverter, mode:EDIT
2026-06-15 22:20:39, MOVE, v:1, k:ed@serial, mode:EDIT
2026-06-15 22:20:39, MOVE, v:1, k:ed@serial, mode:EDIT
2026-06-15 22:20:39, MOVE, v:1, k:ed@serial, mode:EDIT
2026-06-15 22:23:27, MOVE, v:1, k:ed@serial, mode:EDIT
2026-06-15 22:23:06, MOVE, v:1, k:ed@serial, mode:EDIT
2026-06-15 22:24:30, SELF, v:1, k:ed@serial, self:1, rate:100, study:5, guided:1
2026-06-15 22:24:31, EXEC, v:1, k:ed@serial, mode:FULL, rate:100
2026-06-15 22:24:35, MOVE, v:1, k:ed@serial, mode:BACK
2026-06-15 22:25:07, MOVE, v:1, k:ed@formatada, mode:DOWN
2026-06-15 22:25:09, MOVE, v:1, k:ed@formatada, mode:PICK
2026-06-15 22:24:31, MOVE, v:1, k:ed@serial, mode:EDIT
2026-06-15 22:25:07, MOVE, v:1, k:ed@formatada, mode:EDIT
2026-06-15 22:25:07, MOVE, v:1, k:ed@formatada, mode:EDIT
2026-06-15 22:25:38, MOVE, v:1, k:ed@formatada, mode:EDIT
2026-06-15 22:38:53, MOVE, v:1, k:ed@inverter, mode:EDIT
2026-06-15 22:40:33, EXEC, v:1, k:ed@formatada, mode:FULL, rate:0, size:71
2026-06-15 22:41:01, EXEC, v:1, k:ed@formatada, mode:FULL, rate:0
2026-06-15 22:41:12, EXEC, v:1, k:ed@formatada, mode:FULL, rate:0
2026-06-15 22:42:13, EXEC, v:1, k:ed@formatada, mode:FULL, rate:0
2026-06-15 22:42:30, EXEC, v:1, k:ed@formatada, mode:FULL, rate:0
2026-06-15 22:43:09, EXEC, v:1, k:ed@formatada, mode:FULL, rate:0
2026-06-15 22:43:12, EXEC, v:1, k:ed@formatada, mode:FULL, rate:0
2026-06-15 22:43:18, EXEC, v:1, k:ed@formatada, mode:FULL, rate:0
2026-06-15 22:43:16, MOVE, v:1, k:ed@inverter, mode:EDIT
2026-06-15 22:43:18, MOVE, v:1, k:ed@formatada, mode:EDIT
2026-06-15 22:44:37, EXEC, v:1, k:ed@formatada, mode:FULL, rate:0
2026-06-15 22:46:29, EXEC, v:1, k:ed@formatada, mode:FULL, rate:0
2026-06-15 22:46:42, EXEC, v:1, k:ed@formatada, mode:FULL, rate:0
2026-06-15 22:46:54, EXEC, v:1, k:ed@formatada, mode:FULL, rate:0
2026-06-15 22:48:10, EXEC, v:1, k:ed@formatada, mode:FULL, rate:0
2026-06-15 22:48:23, EXEC, v:1, k:ed@formatada, mode:FULL, rate:0
2026-06-15 22:48:29, MOVE, v:1, k:ed@formatada, mode:BACK
2026-06-15 22:48:31, MOVE, v:1, k:ed@formatada, mode:PICK
2026-06-15 22:48:33, EXEC, v:1, k:ed@formatada, mode:FULL, rate:0
2026-06-15 22:48:23, MOVE, v:1, k:ed@inverter, mode:EDIT
2026-06-15 22:48:33, MOVE, v:1, k:ed@formatada, mode:EDIT
2026-06-15 22:49:10, EXEC, v:1, k:ed@formatada, mode:FULL, rate:0
2026-06-15 22:51:24, EXEC, v:1, k:ed@formatada, mode:FULL, rate:0, size:84
2026-06-15 22:51:31, EXEC, v:1, k:ed@formatada, mode:FULL, rate:100, size:82
2026-06-15 22:51:38, SELF, v:1, k:ed@formatada, self:1, rate:100, study:30
2026-06-15 22:51:38, EXEC, v:1, k:ed@formatada, mode:FULL, rate:100
2026-06-15 22:51:39, MOVE, v:1, k:ed@formatada, mode:BACK
2026-06-15 22:51:49, MOVE, v:1, k:ed@inverter, mode:PICK
2026-06-15 22:52:27, EXEC, v:1, k:ed@inverter, mode:FULL, rate:100, size:79
2026-06-15 22:52:32, MOVE, v:1, k:ed@inverter, mode:BACK
2026-06-15 22:52:34, MOVE, v:1, k:ed@clonar, mode:DOWN
2026-06-15 22:52:35, MOVE, v:1, k:ed@clonar, mode:PICK
2026-06-15 22:52:26, MOVE, v:1, k:ed@inverter, mode:EDIT
2026-06-15 22:51:38, MOVE, v:1, k:ed@formatada, mode:EDIT
2026-06-15 22:51:30, MOVE, v:1, k:ed@formatada, mode:EDIT
2026-06-15 22:52:27, MOVE, v:1, k:ed@inverter, mode:EDIT
2026-06-15 22:53:14, MOVE, v:1, k:ed@clonar, mode:EDIT
2026-06-15 22:52:34, MOVE, v:1, k:ed@clonar, mode:EDIT
2026-06-15 22:52:34, MOVE, v:1, k:ed@clonar, mode:EDIT
2026-06-15 23:13:44, EXEC, v:1, k:ed@clonar, mode:FULL, rate:0, size:76
2026-06-15 23:13:44, MOVE, v:1, k:ed@clonar, mode:EDIT
2026-06-15 23:16:20, EXEC, v:1, k:ed@clonar, mode:FULL, rate:0, size:78
2026-06-15 23:17:46, EXEC, v:1, k:ed@clonar, mode:FULL, rate:100, size:85
2026-06-15 23:17:53, SELF, v:1, k:ed@clonar, self:1, rate:100, study:15
2026-06-15 23:17:53, EXEC, v:1, k:ed@clonar, mode:FULL, rate:100
2026-06-15 23:17:54, EXEC, v:1, k:ed@clonar, mode:FULL, rate:100
2026-06-15 23:17:55, MOVE, v:1, k:ed@clonar, mode:BACK
2026-06-15 23:18:06, MOVE, v:1, k:ed@soma, mode:DOWN
2026-06-15 23:18:10, MOVE, v:1, k:ed@soma, mode:PICK
2026-06-15 23:17:44, MOVE, v:1, k:ed@clonar, mode:EDIT
2026-06-15 23:17:54, MOVE, v:1, k:ed@clonar, mode:EDIT
2026-06-15 23:18:06, MOVE, v:1, k:ed@soma, mode:EDIT
2026-06-15 23:18:06, MOVE, v:1, k:ed@soma, mode:EDIT
2026-06-15 23:18:06, MOVE, v:1, k:ed@soma, mode:EDIT
2026-06-15 23:19:35, EXEC, v:1, k:ed@soma, mode:FULL, rate:0, size:94
2026-06-15 23:23:58, MOVE, v:1, k:ed@soma, mode:EDIT
2026-06-15 23:19:35, MOVE, v:1, k:ed@soma, mode:EDIT
2026-06-15 23:24:09, EXEC, v:1, k:ed@soma, mode:FULL, rate:42, size:97
2026-06-15 23:27:43, EXEC, v:1, k:ed@soma, mode:FULL, rate:57, size:116
2026-06-15 23:27:49, EXEC, v:1, k:ed@soma, mode:FULL, rate:100, size:116
2026-06-15 23:27:54, SELF, v:1, k:ed@soma, self:1, rate:100, study:30
2026-06-15 23:27:55, EXEC, v:1, k:ed@soma, mode:FULL, rate:100
2026-06-15 23:27:58, MOVE, v:1, k:ed@soma, mode:BACK
2026-06-15 23:28:28, MOVE, v:1, k:ed@altura, mode:DOWN
2026-06-15 23:28:29, MOVE, v:1, k:ed@altura, mode:PICK
2026-06-15 23:27:48, MOVE, v:1, k:ed@soma, mode:EDIT
2026-06-15 23:27:55, MOVE, v:1, k:ed@soma, mode:EDIT
2026-06-15 23:28:28, MOVE, v:1, k:ed@altura, mode:EDIT
2026-06-15 23:28:28, MOVE, v:1, k:ed@altura, mode:EDIT
2026-06-15 23:28:28, MOVE, v:1, k:ed@altura, mode:EDIT
2026-06-15 23:28:28, MOVE, v:1, k:ed@altura, mode:EDIT
2026-06-15 23:29:14, EXEC, v:1, k:ed@altura, mode:FULL, rate:0, size:108
2026-06-15 23:29:30, EXEC, v:1, k:ed@altura, mode:FULL, rate:0, size:108
2026-06-15 23:29:30, MOVE, v:1, k:ed@altura, mode:EDIT
2026-06-15 23:33:49, MOVE, v:1, k:ed@altura, mode:EDIT
2026-06-15 23:33:06, MOVE, v:1, k:ed@altura, mode:EDIT
2026-06-15 23:35:49, EXEC, v:1, k:ed@altura, mode:FULL, rate:0, size:121
2026-06-15 23:37:19, MOVE, v:1, k:ed@altura, mode:EDIT
2026-06-15 23:35:49, MOVE, v:1, k:ed@altura, mode:EDIT
2026-06-15 23:40:24, EXEC, v:1, k:ed@altura, mode:FULL, rate:0, size:131
2026-06-15 23:42:49, EXEC, v:1, k:ed@altura, mode:FULL, rate:0, size:143
2026-06-15 23:42:56, EXEC, v:1, k:ed@altura, mode:FULL, rate:100, size:143
2026-06-15 23:43:04, SELF, v:1, k:ed@altura, self:1, rate:100, study:30
2026-06-15 23:43:06, MOVE, v:1, k:ed@altura, mode:BACK
2026-06-15 23:42:55, MOVE, v:1, k:ed@altura, mode:EDIT
2026-06-15 23:42:56, MOVE, v:1, k:ed@altura, mode:EDIT
2026-06-15 23:53:31, MOVE, v:1, k:ed@compare, mode:DOWN
2026-06-15 23:53:33, MOVE, v:1, k:ed@compare, mode:PICK
2026-06-15 23:53:31, MOVE, v:1, k:ed@compare, mode:EDIT
2026-06-15 23:53:31, MOVE, v:1, k:ed@compare, mode:EDIT
2026-06-15 23:53:31, MOVE, v:1, k:ed@compare, mode:EDIT
2026-06-15 23:53:31, MOVE, v:1, k:ed@compare, mode:EDIT
2026-06-15 23:58:34, EXEC, v:1, k:ed@compare, mode:FULL, rate:25, size:94
2026-06-15 23:58:29, MOVE, v:1, k:ed@compare, mode:EDIT
2026-06-15 23:58:33, MOVE, v:1, k:ed@compare, mode:EDIT
