2026-06-17 13:22:20, MOVE, v:1, k:ed@cercado, mode:DOWN
2026-06-17 13:22:22, MOVE, v:1, k:ed@cercado, mode:PICK
2026-06-17 13:23:17, EXEC, v:1, k:ed@cercado, mode:FULL, rate:33, size:29
2026-06-17 13:22:20, MOVE, v:1, k:ed@cercado, mode:EDIT
2026-06-17 13:22:20, MOVE, v:1, k:ed@cercado, mode:EDIT
2026-06-17 13:23:17, MOVE, v:1, k:ed@cercado, mode:EDIT
2026-06-17 13:27:27, EXEC, v:1, k:ed@cercado, mode:FULL, rate:33, size:31
2026-06-17 13:30:26, EXEC, v:1, k:ed@cercado, mode:FULL, rate:33, size:42
2026-06-17 13:31:08, MOVE, v:1, k:ed@cercado, mode:EDIT
2026-06-17 13:30:26, MOVE, v:1, k:ed@cercado, mode:EDIT
2026-06-17 13:34:00, EXEC, v:1, k:ed@cercado, mode:FULL, rate:33, size:55
2026-06-17 13:35:50, EXEC, v:1, k:ed@cercado, mode:FULL, rate:0, size:64
2026-06-17 13:36:13, MOVE, v:1, k:ed@cercado, mode:EDIT
2026-06-17 13:35:50, MOVE, v:1, k:ed@cercado, mode:EDIT
2026-06-17 13:36:47, EXEC, v:1, k:ed@cercado, mode:FULL, rate:0, size:70
2026-06-17 13:38:26, EXEC, v:1, k:ed@cercado, mode:FULL, rate:0, size:76
2026-06-17 13:39:40, EXEC, v:1, k:ed@cercado, mode:FULL, rate:100, size:76
2026-06-17 13:39:48, SELF, v:1, k:ed@cercado, self:1, rate:100, study:30
2026-06-17 13:39:52, MOVE, v:1, k:ed@cercado, mode:BACK
2026-06-17 13:39:29, MOVE, v:1, k:ed@cercado, mode:EDIT
2026-06-17 13:39:40, MOVE, v:1, k:ed@cercado, mode:EDIT
